
> kannamunda-hotels@0.1.0 build
> next build

Ôû▓ Next.js 16.1.6 (Turbopack)
- Environments: .env

  Creating an optimized production build ...
node.exe : 
At line:1 char:1
+ & "C:\Program 
Files\nodejs/node.exe" "C:\Program 
Files\nodejs/node_mo ...
+ ~~~~~~~~~~~~~~~~~~~~~~~~~~~~~~~~~~~~
~~~~~~~~~~~~~~~~~~~~~~~~~~~~~~~~~
    + CategoryInfo          : NotSpec 
   ified: (:String) [], RemoteExcept  
  ion
    + FullyQualifiedErrorId : NativeC 
   ommandError
 
> Build error occurred
Error: Turbopack build failed with 6 
errors:
./src/app/[hotel]/amenities/page.tsx:3
6:84
Parsing ecmascript source code failed
[0m [90m 34 |[39m             
[33m<[39m[33msection[39m 
ref[33m=[39m{containerRef} 
className[33m=[39m[32m"relative 
h-[65vh] flex items-end 
overflow-hidden"[39m[33m>[39m
 [90m 35 |[39m                 [33m
<[39m[33mmotion[39m[33m.[39mdiv 
style[33m=[39m{{ y }} 
className[33m=[39m[32m"absolute 
inset-0 z-0"[39m[33m>[39m
[31m[1m>[22m[39m[90m 36 |[39m   
                  
[33m<[39m[33mImage[39m src[33m=[
39m{[32m`/${hotel.imagePrefix}-amenit
ies/amenities-3.webp`[39m 
alt[33m=[39m[32m"Amenities"[39m 
fill className[33m=[39m[32m"object-
cover"[39m style[33m=[39m{{ 
objectPosition[33m:[39m 
[32m"center 75%"[39m }} priority 
[33m/[39m[33m>[39m
 [90m    |[39m                      
                                      
                        [31m[1m^[22
m[39m[31m[1m^[22m[39m[31m[1m^[
22m[39m
 [90m 37 |[39m                     
[33m<[39m[33mdiv[39m 
className[33m=[39m[32m"absolute 
inset-0 bg-gradient-to-t 
from-neutral-950 via-black/50 
to-transparent"[39m 
[33m/[39m[33m>[39m
 [90m 38 |[39m                 [33m
<[39m[33m/[39m[33mmotion[39m[33m
.[39mdiv[33m>[39m
 [90m 39 |[39m[0m

Expected '</', got 'ident'


./src/app/[hotel]/bookings/page.tsx:91
:25
Parsing ecmascript source code failed
[0m [90m 89 |[39m                  
   [33m<[39m[33mImage[39m
 [90m 90 |[39m                      
   src[33m=[39m{[32m`/${hotel.image
Prefix}-bookings/booking-hero-image.we
bp`[39m
[31m[1m>[22m[39m[90m 91 |[39m   
                      
alt[33m=[39m[32m"Book Your 
Stay"[39m
 [90m    |[39m                      
   [31m[1m^[22m[39m[31m[1m^[22m
[39m[31m[1m^[22m[39m
 [90m 92 |[39m                      
   fill
 [90m 93 |[39m                      
   className[33m=[39m[32m"object-co
ver"[39m
 [90m 94 |[39m                      
   priority[0m

Expected '</', got 'ident'


./src/app/[hotel]/destination/page.tsx
:24:80
Parsing ecmascript source code failed
[0m [90m 22 |[39m             
[33m<[39m[33msection[39m 
ref[33m=[39m{heroRef} 
className[33m=[39m[32m"relative 
h-[65vh] flex items-end 
overflow-hidden"[39m[33m>[39m
 [90m 23 |[39m                 [33m
<[39m[33mmotion[39m[33m.[39mdiv 
style[33m=[39m{{ y }} 
className[33m=[39m[32m"absolute 
inset-0 z-0"[39m[33m>[39m
[31m[1m>[22m[39m[90m 24 |[39m   
                  
[33m<[39m[33mImage[39m src[33m=[
39m{[32m`/${hotel.imagePrefix}-galler
y/location2.webp`[39m alt[33m=[39m
[32m"Destinations"[39m fill className
[33m=[39m[32m"object-cover 
object-center"[39m priority 
[33m/[39m[33m>[39m
 [90m    |[39m                      
                                      
                    [31m[1m^[22m[3
9m[31m[1m^[22m[39m[31m[1m^[22m
[39m
 [90m 25 |[39m                     
[33m<[39m[33mdiv[39m 
className[33m=[39m[32m"absolute 
inset-0 bg-gradient-to-t 
from-neutral-950 via-black/50 
to-transparent"[39m 
[33m/[39m[33m>[39m
 [90m 26 |[39m                 [33m
<[39m[33m/[39m[33mmotion[39m[33m
.[39mdiv[33m>[39m
 [90m 27 |[39m                 
[33m<[39m[33mdiv[39m 
className[33m=[39m[32m"container 
relative z-10 px-6 
pb-16"[39m[33m>[39m[0m

Expected '</', got 'ident'


./src/app/[hotel]/gallery/page.tsx:104
:97
Parsing ecmascript source code failed
[0m [90m 102 |[39m             
[33m<[39m[33msection[39m 
ref[33m=[39m{containerRef} 
className[33m=[39m[32m"relative 
h-[70vh] flex items-end 
overflow-hidden"[39m[33m>[39m
 [90m 103 |[39m                 [33
m<[39m[33mmotion[39m[33m.[39mdiv 
style[33m=[39m{{ y }} 
className[33m=[39m[32m"absolute 
inset-0 w-full h-full 
z-0"[39m[33m>[39m
[31m[1m>[22m[39m[90m 104 |[39m  
                   
[33m<[39m[33mImage[39m src[33m=[
39m{[32m`/${hotel.imagePrefix}-galler
y/interior-room-image-edited.webp`[39
m alt[33m=[39m[32m"Gallery 
hero"[39m fill className[33m=[39m[
32m"object-cover"[39m 
style[33m=[39m{{ 
objectPosition[33m:[39m 
[32m"center 80%"[39m }} priority 
[33m/[39m[33m>[39m
 [90m     |[39m                     
                                      
                                      
[31m[1m^[22m[39m[31m[1m^[22m[3
9m[31m[1m^[22m[39m
 [90m 105 |[39m                     
[33m<[39m[33mdiv[39m 
className[33m=[39m[32m"absolute 
inset-0 bg-gradient-to-t 
from-neutral-950 via-black/50 
to-transparent"[39m 
[33m/[39m[33m>[39m
 [90m 106 |[39m                 [33
m<[39m[33m/[39m[33mmotion[39m[33
m.[39mdiv[33m>[39m
 [90m 107 |[39m[0m

Expected '</', got 'ident'


./src/app/[hotel]/nearby-attractions/p
age.tsx:55:91
Parsing ecmascript source code failed
[0m [90m 53 |[39m             
[33m<[39m[33msection[39m 
ref[33m=[39m{heroRef} 
className[33m=[39m[32m"relative 
h-[65vh] flex items-end 
overflow-hidden"[39m[33m>[39m
 [90m 54 |[39m                 [33m
<[39m[33mmotion[39m[33m.[39mdiv 
style[33m=[39m{{ y }} 
className[33m=[39m[32m"absolute 
inset-0 z-0"[39m[33m>[39m
[31m[1m>[22m[39m[90m 55 |[39m   
                  
[33m<[39m[33mImage[39m src[33m=[
39m{[32m`/${hotel.imagePrefix}-nearby
-attractions/location3.webp`[39m 
alt[33m=[39m[32m"Nearby 
Attractions"[39m fill className[33m=
[39m[32m"object-cover"[39m 
priority [33m/[39m[33m>[39m
 [90m    |[39m                      
                                      
                               [31m[
1m^[22m[39m[31m[1m^[22m[39m[31m
[1m^[22m[39m
 [90m 56 |[39m                     
[33m<[39m[33mdiv[39m 
className[33m=[39m[32m"absolute 
inset-0 bg-gradient-to-t 
from-neutral-950 via-black/50 
to-transparent"[39m 
[33m/[39m[33m>[39m
 [90m 57 |[39m                 [33m
<[39m[33m/[39m[33mmotion[39m[33m
.[39mdiv[33m>[39m
 [90m 58 |[39m                 
[33m<[39m[33mdiv[39m 
className[33m=[39m[32m"container 
relative z-10 px-6 
pb-16"[39m[33m>[39m[0m

Expected '</', got 'ident'


./src/app/[hotel]/projects/page.tsx:14
0:82
Parsing ecmascript source code failed
[0m [90m 138 |[39m             
[33m<[39m[33msection[39m 
ref[33m=[39m{heroRef} 
className[33m=[39m[32m"relative 
h-[65vh] flex items-end 
overflow-hidden"[39m[33m>[39m
 [90m 139 |[39m                 [33
m<[39m[33mmotion[39m[33m.[39mdiv 
style[33m=[39m{{ y[33m:[39m heroY 
}} className[33m=[39m[32m"absolute 
inset-0 z-0"[39m[33m>[39m
[31m[1m>[22m[39m[90m 140 |[39m  
                   
[33m<[39m[33mImage[39m src[33m=[
39m{[32m`/${hotel.imagePrefix}-projec
ts/projects-1.webp`[39m 
alt[33m=[39m[32m"Portfolio"[39m 
fill className[33m=[39m[32m"object-
cover object-bottom"[39m priority 
[33m/[39m[33m>[39m
 [90m     |[39m                     
                                      
                       [31m[1m^[22m
[39m[31m[1m^[22m[39m[31m[1m^[2
2m[39m
 [90m 141 |[39m                     
[33m<[39m[33mdiv[39m 
className[33m=[39m[32m"absolute 
inset-0 bg-gradient-to-t 
from-neutral-950 via-black/50 
to-transparent"[39m 
[33m/[39m[33m>[39m
 [90m 142 |[39m                 [33
m<[39m[33m/[39m[33mmotion[39m[33
m.[39mdiv[33m>[39m
 [90m 143 |[39m                 
[33m<[39m[33mdiv[39m 
className[33m=[39m[32m"container 
relative z-10 px-6 
pb-16"[39m[33m>[39m[0m

Expected '</', got 'ident'


    at <unknown> (./src/app/[hotel]/am
enities/page.tsx:36:84)
    at <unknown> (./src/app/[hotel]/bo
okings/page.tsx:91:25)
    at <unknown> (./src/app/[hotel]/de
stination/page.tsx:24:80)
    at <unknown> (./src/app/[hotel]/ga
llery/page.tsx:104:97)
    at <unknown> (./src/app/[hotel]/ne
arby-attractions/page.tsx:55:91)
    at <unknown> (./src/app/[hotel]/pr
ojects/page.tsx:140:82)
